// Jest Snapshot v1, https://goo.gl/fbAQLP

exports[`should correctly render 1 expense totalling $20.00 1`] = `
<div
  className="page-header"
>
  <div
    className="content-container"
  >
    <h1
      className="page-header__title"
    >
      Viewing 
      <span />
       
      expenses
       totalling 
      <span>
        $0.00
      </span>
    </h1>
    <div
      className="page-header__actions"
    >
      <Link
        className="button-layout"
        replace={false}
        to="/create"
      >
        Add Expenses
      </Link>
    </div>
  </div>
</div>
`;

exports[`should correctly render 2 expenses totalling $50.00 1`] = `
<div
  className="page-header"
>
  <div
    className="content-container"
  >
    <h1
      className="page-header__title"
    >
      Viewing 
      <span />
       
      expenses
       totalling 
      <span>
        $0.00
      </span>
    </h1>
    <div
      className="page-header__actions"
    >
      <Link
        className="button-layout"
        replace={false}
        to="/create"
      >
        Add Expenses
      </Link>
    </div>
  </div>
</div>
`;
